zo 16 mrt 2025 13:48:55 CET
$PROB   DEX model
$INPUT ID DID TIME DV DVTY AMT RATE EVID AGE WGT HGT M1F2 S1N2 GRP BMI SESS O1P2
$DATA "data.csv" IGNORE=@
$SUBROUTINES ADVAN11 TRANS4
$PK
    VSIZ=(WGT/70)
    CSIZ=(WGT/70)**0.75
	SES1=(2-SESS)
	SES2=(SESS-1)
    V1 =EXP(THETA(1)+ETA(1) + SES1*ETA(2) + SES2*ETA(3)) * VSIZ
    V2 =EXP(THETA(2)       ) * VSIZ
    V3 =EXP(THETA(3)+ETA(4)) * VSIZ
    CL =EXP(THETA(4)+ETA(5)) * CSIZ
    RV2=EXP(THETA(2))
    Q2 =EXP(THETA(5)) * ((V2/RV2)**0.75)
    RV3=EXP(THETA(3))
    Q3 =EXP(THETA(6)) * ((V3/RV3)**0.75)
    S1 =V1
$THETA
	( -2, 6.046010e-01, 3)
	( 1, 3.326570e+00, 5)
	( 3, 3.997030e+00, 7)
	( -2, -3.641990e-01, 1)
	( -2, 1.178030e+00, 4)
	( -2, -3.720650e-01, 2)
$OMEGA 0.1
$OMEGA BLOCK(1) 0.1
$OMEGA BLOCK SAME
$OMEGA 0.1 0.1
$SIGMA
    (0.1)
$ERROR
    IPRED=A(1)/V1
    Y=IPRED + IPRED*ERR(1)
$ESTM SIG=6 MAX=5000    METHOD=1 INTERACT SORT NOABORT POSTHOC PRINT=1
$TABLE ID TIME DVTY EVID IPRED DV PRED RES CWRES
     NOPRINT ONEHEADER NOAPPEND WRESCHOL FILE="dex.pred.txt"
$TABLE ID  V1 V2 V3 CL Q2 Q3 AGE WGT HGT M1F2
     NOPRINT ONEHEADER NOAPPEND FIRSTONLY FILE="dex.posthoc.txt"

NM-TRAN MESSAGES
  
 WARNINGS AND ERRORS (IF ANY) FOR PROBLEM    1
             
 (WARNING  2) NM-TRAN INFERS THAT THE DATA ARE POPULATION.
             
 (WARNING  97) A RANDOM QUANTITY IS RAISED TO A POWER. IF THE RESULT AFFECTS
 THE VALUE OF THE OBJECTIVE FUNCTION, THE USER SHOULD ENSURE THAT THE
 RANDOM QUANTITY IS NEVER 0 WHEN THE POWER IS < 1.
  
Note: Analytical 2nd Derivatives are constructed in FSUBS but are never used.
      You may insert $ABBR DERIV2=NO after the first $PROB to save FSUBS construction and compilation time
  

License Registered to: University Medical Center Groningen Department of Anesthesiology
Expiration Date:    14 JUL 2025
Current Date:       16 MAR 2025
Days until program expires : 118
1NONLINEAR MIXED EFFECTS MODEL PROGRAM (NONMEM) VERSION 7.5.1
 ORIGINALLY DEVELOPED BY STUART BEAL, LEWIS SHEINER, AND ALISON BOECKMANN
 CURRENT DEVELOPERS ARE ROBERT BAUER, ICON DEVELOPMENT SOLUTIONS,
 AND ALISON BOECKMANN. IMPLEMENTATION, EFFICIENCY, AND STANDARDIZATION
 PERFORMED BY NOUS INFOSYSTEMS.

 PROBLEM NO.:         1
 DEX model
0DATA CHECKOUT RUN:              NO
 DATA SET LOCATED ON UNIT NO.:    2
 THIS UNIT TO BE REWOUND:        NO
 NO. OF DATA RECS IN DATA SET:    18767
 NO. OF DATA ITEMS IN DATA SET:  18
 ID DATA ITEM IS DATA ITEM NO.:   1
 DEP VARIABLE IS DATA ITEM NO.:   4
 MDV DATA ITEM IS DATA ITEM NO.: 18
0INDICES PASSED TO SUBROUTINE PRED:
   8   3   6   7   0   0   0   0   0   0   0
0LABELS FOR DATA ITEMS:
 ID DID TIME DV DVTY AMT RATE EVID AGE WGT HGT M1F2 S1N2 GRP BMI SESS O1P2 MDV
0(NONBLANK) LABELS FOR PRED-DEFINED ITEMS:
 V1 V2 V3 CL Q2 Q3 IPRED
0FORMAT FOR DATA:
 (2(7E10.0/),3E10.0,1F2.0)

 TOT. NO. OF OBS RECS:      379
 TOT. NO. OF INDIVIDUALS:       18
0LENGTH OF THETA:   6
0DEFAULT THETA BOUNDARY TEST OMITTED:    NO
0OMEGA HAS BLOCK FORM:
  1
  0  2
  0  0  2
  0  0  0  3
  0  0  0  0  4
0DEFAULT OMEGA BOUNDARY TEST OMITTED:    NO
0SIGMA HAS SIMPLE DIAGONAL FORM WITH DIMENSION:   1
0DEFAULT SIGMA BOUNDARY TEST OMITTED:    NO
0INITIAL ESTIMATE OF THETA:
 LOWER BOUND    INITIAL EST    UPPER BOUND
 -0.2000E+01     0.6046E+00     0.3000E+01
  0.1000E+01     0.3327E+01     0.5000E+01
  0.3000E+01     0.3997E+01     0.7000E+01
 -0.2000E+01    -0.3642E+00     0.1000E+01
 -0.2000E+01     0.1178E+01     0.4000E+01
 -0.2000E+01    -0.3721E+00     0.2000E+01
0INITIAL ESTIMATE OF OMEGA:
 BLOCK SET NO.   BLOCK                                                                    FIXED
        1                                                                                   NO
                  0.1000E+00
        2                                                                                   NO
                  0.1000E+00
        3                                                                                   NO
                  0.1000E+00
        4                                                                                   NO
                  0.1000E+00
0INITIAL ESTIMATE OF SIGMA:
 0.1000E+00
0TABLES STEP OMITTED:    NO
 NO. OF TABLES:           2
 SEED NUMBER (SEED):    11456
 NPDTYPE:    0
 INTERPTYPE:    0
 RANMETHOD:             3U
 MC SAMPLES (ESAMPLE):    300
 WRES SQUARE ROOT TYPE (WRESCHOL): CHOLESKY
0-- TABLE   1 --
0RECORDS ONLY:    ALL
04 COLUMNS APPENDED:    NO
 PRINTED:                NO
 HEADERS:               ONE
 FILE TO BE FORWARDED:   NO
 FORMAT:                S1PE11.4
 IDFORMAT:
 LFORMAT:
 RFORMAT:
 FIXED_EFFECT_ETAS:
0USER-CHOSEN ITEMS:
 ID TIME DVTY EVID IPRED DV PRED RES CWRES
0-- TABLE   2 --
0RECORDS ONLY:    FIRSTONLY
04 COLUMNS APPENDED:    NO
 PRINTED:                NO
 HEADERS:               ONE
 FILE TO BE FORWARDED:   NO
 FORMAT:                S1PE11.4
 IDFORMAT:
 LFORMAT:
 RFORMAT:
 FIXED_EFFECT_ETAS:
0USER-CHOSEN ITEMS:
 ID V1 V2 V3 CL Q2 Q3 AGE WGT HGT M1F2
1DOUBLE PRECISION PREDPP VERSION 7.5.1

 THREE COMPARTMENT MODEL (ADVAN11)
0MAXIMUM NO. OF BASIC PK PARAMETERS:   6
0BASIC PK PARAMETERS (AFTER TRANSLATION):
   BASIC PK PARAMETER NO.  1: ELIMINATION RATE (K)
   BASIC PK PARAMETER NO.  2: CENTRAL-TO-PERIPH1 RATE (K12)
   BASIC PK PARAMETER NO.  3: PERIPH1-TO-CENTRAL RATE (K21)
   BASIC PK PARAMETER NO.  4: CENTRAL-TO-PERIPH2 RATE (K13)
   BASIC PK PARAMETER NO.  5: PERIPH2-TO-CENTRAL RATE (K31)
 TRANSLATOR WILL CONVERT PARAMETERS
 CL, V1, Q2, V2, Q3, V3 TO K, K12, K21, K13, K31 (TRANS4)
0COMPARTMENT ATTRIBUTES
 COMPT. NO.   FUNCTION   INITIAL    ON/OFF      DOSE      DEFAULT    DEFAULT
                         STATUS     ALLOWED    ALLOWED    FOR DOSE   FOR OBS.
    1         CENTRAL      ON         NO         YES        YES        YES
    2         PERIPH1      ON         NO         YES        NO         NO
    3         PERIPH2      ON         NO         YES        NO         NO
    4         OUTPUT       OFF        YES        NO         NO         NO
1
 ADDITIONAL PK PARAMETERS - ASSIGNMENT OF ROWS IN GG
 COMPT. NO.                             INDICES
              SCALE      BIOAVAIL.   ZERO-ORDER  ZERO-ORDER  ABSORB
                         FRACTION    RATE        DURATION    LAG
    1            7           *           *           *           *
    2            *           *           *           *           *
    3            *           *           *           *           *
    4            *           -           -           -           -
             - PARAMETER IS NOT ALLOWED FOR THIS MODEL
             * PARAMETER IS NOT SUPPLIED BY PK SUBROUTINE;
               WILL DEFAULT TO ONE IF APPLICABLE
0DATA ITEM INDICES USED BY PRED ARE:
   EVENT ID DATA ITEM IS DATA ITEM NO.:      8
   TIME DATA ITEM IS DATA ITEM NO.:          3
   DOSE AMOUNT DATA ITEM IS DATA ITEM NO.:   6
   DOSE RATE DATA ITEM IS DATA ITEM NO.:     7

0PK SUBROUTINE CALLED WITH EVERY EVENT RECORD.
 PK SUBROUTINE NOT CALLED AT NONEVENT (ADDITIONAL OR LAGGED) DOSE TIMES.
0ERROR SUBROUTINE CALLED WITH EVERY EVENT RECORD.
0ERROR SUBROUTINE INDICATES THAT DERIVATIVES OF COMPARTMENT AMOUNTS ARE USED.

 #PARA: PARAFILE=fpi.pnm, PROTOCOL=FPI, NODES= 4

1


 #TBLN:      1
 #METH: First Order Conditional Estimation with Interaction

 ESTIMATION STEP OMITTED:                 NO
 ANALYSIS TYPE:                           POPULATION
 NUMBER OF SADDLE POINT RESET ITERATIONS:      0
 GRADIENT METHOD USED:               NOSLOW
 CONDITIONAL ESTIMATES USED:              YES
 CENTERED ETA:                            NO
 EPS-ETA INTERACTION:                     YES
 LAPLACIAN OBJ. FUNC.:                    NO
 NO. OF FUNCT. EVALS. ALLOWED:            5000
 NO. OF SIG. FIGURES REQUIRED:            6
 INTERMEDIATE PRINTOUT:                   YES
 ESTIMATE OUTPUT TO MSF:                  NO
 ABORT WITH PRED EXIT CODE 1:             NO
 IND. OBJ. FUNC. VALUES SORTED:           YES
 NUMERICAL DERIVATIVE
       FILE REQUEST (NUMDER):               NONE
 MAP (ETAHAT) ESTIMATION METHOD (OPTMAP):   0
 ETA HESSIAN EVALUATION METHOD (ETADER):    0
 INITIAL ETA FOR MAP ESTIMATION (MCETA):    0
 SIGDIGITS FOR MAP ESTIMATION (SIGLO):      100
 GRADIENT SIGDIGITS OF
       FIXED EFFECTS PARAMETERS (SIGL):     100
 NOPRIOR SETTING (NOPRIOR):                 0
 NOCOV SETTING (NOCOV):                     OFF
 DERCONT SETTING (DERCONT):                 OFF
 FINAL ETA RE-EVALUATION (FNLETA):          1
 EXCLUDE NON-INFLUENTIAL (NON-INFL.) ETAS
       IN SHRINKAGE (ETASTYPE):             NO
 NON-INFL. ETA CORRECTION (NONINFETA):      0
 RAW OUTPUT FILE (FILE): dex.ext
 EXCLUDE TITLE (NOTITLE):                   NO
 EXCLUDE COLUMN LABELS (NOLABEL):           NO
 FORMAT FOR ADDITIONAL FILES (FORMAT):      S1PE12.5
 PARAMETER ORDER FOR OUTPUTS (ORDER):       TSOL
 KNUTHSUMOFF:                               0
 INCLUDE LNTWOPI:                           NO
 INCLUDE CONSTANT TERM TO PRIOR (PRIORC):   NO
 INCLUDE CONSTANT TERM TO OMEGA (ETA) (OLNTWOPI):NO
 ADDITIONAL CONVERGENCE TEST (CTYPE=4)?:    NO
 EM OR BAYESIAN METHOD USED:                 NONE


 THE FOLLOWING LABELS ARE EQUIVALENT
 PRED=PREDI
 RES=RESI
 WRES=WRESI
 IWRS=IWRESI
 IPRD=IPREDI
 IRS=IRESI

 MONITORING OF SEARCH:


0ITERATION NO.:    0    OBJECTIVE VALUE:  -543.531352445042        NO. OF FUNC. EVALS.:   9
 CUMULATIVE NO. OF FUNC. EVALS.:        9
 NPARAMETR:  6.0460E-01  3.3266E+00  3.9970E+00 -3.6420E-01  1.1780E+00 -3.7207E-01  1.0000E-01  1.0000E-01  1.0000E-01  1.0000E-01
             1.0000E-01
 PARAMETER:  1.0000E-01  1.0000E-01  1.0000E-01  1.0000E-01  1.0000E-01  1.0000E-01  1.0000E-01  1.0000E-01  1.0000E-01  1.0000E-01
             1.0000E-01
 GRADIENT:  -5.2852E+00 -2.3605E+01 -1.0689E+01 -1.0660E+01  1.6861E+01 -7.4641E+00  2.9666E-01 -3.8286E+00  1.1104E+01  2.3967E+01
             3.8037E+02

0ITERATION NO.:    1    OBJECTIVE VALUE:  -648.704060304668        NO. OF FUNC. EVALS.:  10
 CUMULATIVE NO. OF FUNC. EVALS.:       19
 NPARAMETR:  6.1500E-01  3.3627E+00  4.0097E+00 -3.5170E-01  1.1382E+00 -3.6069E-01  9.9906E-02  1.0122E-01  9.6557E-02  9.2718E-02
             3.0119E-02
 PARAMETER:  1.0834E-01  1.3723E-01  1.1686E-01  1.1682E-01  7.3403E-02  1.1177E-01  9.9532E-02  1.0604E-01  8.2484E-02  6.2194E-02
            -5.0000E-01
 GRADIENT:  -5.1041E+00  7.5821E+00 -7.3220E+00  7.0564E+00  3.2312E+01  3.8025E+01 -2.8940E+00 -1.4872E+01  8.9123E+00  2.4064E+01
            -1.4123E+02

0ITERATION NO.:    2    OBJECTIVE VALUE:  -654.784424297323        NO. OF FUNC. EVALS.:  11
 CUMULATIVE NO. OF FUNC. EVALS.:       30
 NPARAMETR:  6.1717E-01  3.3602E+00  4.0116E+00 -3.5349E-01  1.1218E+00 -3.7321E-01  1.0010E-01  1.0225E-01  9.5973E-02  9.1209E-02
             3.3163E-02
 PARAMETER:  1.1008E-01  1.3465E-01  1.1936E-01  1.1441E-01  6.2392E-02  9.8817E-02  1.0052E-01  1.1111E-01  7.9447E-02  5.3994E-02
            -4.5187E-01
 GRADIENT:  -2.9695E-01  1.1003E+00 -1.8150E+00  6.5531E+00  1.9832E+01  2.8138E+01 -2.0111E+00 -1.2989E+01  9.1156E+00  2.3883E+01
            -7.0058E+01

0ITERATION NO.:    3    OBJECTIVE VALUE:  -660.261966727231        NO. OF FUNC. EVALS.:  10
 CUMULATIVE NO. OF FUNC. EVALS.:       40
 NPARAMETR:  5.7764E-01  3.3968E+00  3.9919E+00 -3.8420E-01  1.0497E+00 -4.9046E-01  1.0163E-01  1.1893E-01  8.4487E-02  6.5970E-02
             3.1856E-02
 PARAMETER:  7.8406E-02  1.7257E-01  9.3156E-02  7.3147E-02  1.4324E-02 -2.4209E-02  1.0807E-01  1.8669E-01  1.5714E-02 -1.0799E-01
            -4.7198E-01
 GRADIENT:   7.2587E+00 -8.0076E+00  1.3131E+01  1.8638E+00 -1.1356E+01  7.6270E-01 -5.9408E-01 -9.5120E+00  5.0176E+00  1.9670E+01
            -8.8294E+01

0ITERATION NO.:    4    OBJECTIVE VALUE:  -663.947082096382        NO. OF FUNC. EVALS.:  10
 CUMULATIVE NO. OF FUNC. EVALS.:       50
 NPARAMETR:  5.2344E-01  3.4466E+00  3.9525E+00 -4.0386E-01  1.0838E+00 -5.3750E-01  1.0236E-01  1.3364E-01  7.6885E-02  5.0653E-02
             3.2317E-02
 PARAMETER:  3.5023E-02  2.2476E-01  3.9629E-02  4.6800E-02  3.7038E-02 -7.4586E-02  1.1165E-01  2.4500E-01 -3.1427E-02 -2.4008E-01
            -4.6479E-01
 GRADIENT:  -9.1742E+00  2.0810E+01 -6.6130E-02 -9.1623E+00  9.8558E+00  1.5726E+01 -1.0618E+00 -8.7906E+00  1.9024E+00  1.4699E+01
            -7.7060E+01

0ITERATION NO.:    5    OBJECTIVE VALUE:  -664.768643501322        NO. OF FUNC. EVALS.:  11
 CUMULATIVE NO. OF FUNC. EVALS.:       61
 NPARAMETR:  5.2342E-01  3.4282E+00  3.9353E+00 -3.9119E-01  1.1080E+00 -5.5183E-01  1.0248E-01  1.4018E-01  7.5052E-02  4.5553E-02
             3.2340E-02
 PARAMETER:  3.5005E-02  2.0545E-01  1.5743E-02  6.3774E-02  5.3223E-02 -9.0058E-02  1.1227E-01  2.6889E-01 -4.3496E-02 -2.9315E-01
            -4.6444E-01
 GRADIENT:  -1.1166E+01 -1.5212E+01  1.3240E+00 -4.3582E+00  3.8868E+01 -5.9411E+00 -1.2135E+00 -9.1244E+00  1.7456E+00  1.2722E+01
            -7.6392E+01

0ITERATION NO.:    6    OBJECTIVE VALUE:  -666.198548850415        NO. OF FUNC. EVALS.:  10
 CUMULATIVE NO. OF FUNC. EVALS.:       71
 NPARAMETR:  5.4529E-01  3.4197E+00  3.9019E+00 -3.5757E-01  1.0886E+00 -5.4190E-01  1.0264E-01  1.5318E-01  7.2676E-02  3.7821E-02
             3.2352E-02
 PARAMETER:  5.2506E-02  1.9653E-01 -3.1486E-02  1.0891E-01  4.0238E-02 -7.9327E-02  1.1302E-01  3.1322E-01 -5.9580E-02 -3.8616E-01
            -4.6424E-01
 GRADIENT:  -4.4398E+00 -5.8697E+00 -8.4451E+00  1.5715E+01  1.6852E+01  3.3272E+00 -3.9310E-01 -7.0953E+00  1.4561E+00  8.3967E+00
            -7.5634E+01

0ITERATION NO.:    7    OBJECTIVE VALUE:  -666.930852350883        NO. OF FUNC. EVALS.:  11
 CUMULATIVE NO. OF FUNC. EVALS.:       82
 NPARAMETR:  5.8880E-01  3.3954E+00  3.9068E+00 -3.8203E-01  1.0917E+00 -5.0374E-01  1.0162E-01  1.6695E-01  7.2624E-02  3.2692E-02
             3.2345E-02
 PARAMETER:  8.7341E-02  1.7116E-01 -2.4492E-02  7.6058E-02  4.2297E-02 -3.8373E-02  1.0802E-01  3.5627E-01 -5.9940E-02 -4.5902E-01
            -4.6435E-01
 GRADIENT:   2.5418E+00 -9.4591E+00 -1.2366E+01 -2.3081E+00  1.3922E+01  7.2598E+00  5.6464E-02 -5.9724E+00  2.3148E+00  5.0432E+00
            -7.4938E+01

0ITERATION NO.:    8    OBJECTIVE VALUE:  -667.614807732697        NO. OF FUNC. EVALS.:  10
 CUMULATIVE NO. OF FUNC. EVALS.:       92
 NPARAMETR:  5.9957E-01  3.3915E+00  3.9593E+00 -3.7324E-01  1.1153E+00 -4.6545E-01  9.9065E-02  1.8708E-01  7.2307E-02  2.8090E-02
             3.2421E-02
 PARAMETER:  9.5972E-02  1.6707E-01  4.8985E-02  8.7856E-02  5.8047E-02  2.3101E-03  9.5301E-02  4.1318E-01 -6.2124E-02 -5.3488E-01
            -4.6317E-01
 GRADIENT:   1.6005E+00 -6.1293E+00 -8.2176E-01  2.4178E+00  1.8593E+01  6.9729E+00  1.0786E-01 -5.1165E+00  2.7713E+00  3.0568E-01
            -7.5817E+01

0ITERATION NO.:    9    OBJECTIVE VALUE:  -667.774488814237        NO. OF FUNC. EVALS.:  10
 CUMULATIVE NO. OF FUNC. EVALS.:      102
 NPARAMETR:  5.7220E-01  3.3784E+00  3.9628E+00 -3.7427E-01  1.1037E+00 -4.5232E-01  9.6012E-02  2.0099E-01  7.0977E-02  2.8214E-02
             3.2454E-02
 PARAMETER:  7.4050E-02  1.5345E-01  5.3675E-02  8.6466E-02  5.0325E-02  1.6171E-02  7.9649E-02  4.4905E-01 -7.1407E-02 -5.3267E-01
            -4.6267E-01
 GRADIENT:  -9.9292E-01 -6.9837E+00 -8.1059E-03  3.1470E+00  1.5400E+01  8.0540E+00  1.9243E-01 -4.2148E+00  2.8785E+00  5.6026E-01
            -7.4767E+01

0ITERATION NO.:   10    OBJECTIVE VALUE:  -668.213237736801        NO. OF FUNC. EVALS.:  10
 CUMULATIVE NO. OF FUNC. EVALS.:      112
 NPARAMETR:  6.1756E-01  3.3876E+00  3.9652E+00 -3.7164E-01  1.1308E+00 -4.5234E-01  7.5773E-02  2.9006E-01  6.1005E-02  3.1670E-02
             3.2707E-02
 PARAMETER:  1.1039E-01  1.6302E-01  5.7061E-02  9.0002E-02  6.8404E-02  1.6147E-02 -3.8712E-02  6.3246E-01 -1.4711E-01 -4.7490E-01
            -4.5879E-01
 GRADIENT:   3.3143E+00 -3.0649E+00 -1.1676E-01  3.5082E+00  1.5206E+01  6.5253E+00  5.2591E-01  3.4515E-01 -5.4490E-01  3.8116E+00
            -6.9443E+01

0ITERATION NO.:   11    OBJECTIVE VALUE:  -669.758661208193        NO. OF FUNC. EVALS.:  11
 CUMULATIVE NO. OF FUNC. EVALS.:      123
 NPARAMETR:  5.9472E-01  3.4029E+00  3.9467E+00 -3.7616E-01  1.1002E+00 -4.9615E-01  2.9924E-02  3.1668E-01  6.7948E-02  2.8825E-02
             3.3920E-02
 PARAMETER:  9.2080E-02  1.7897E-01  3.1588E-02  8.3932E-02  4.8030E-02 -3.0275E-02 -5.0326E-01  6.7635E-01 -9.3216E-02 -5.2196E-01
            -4.4058E-01
 GRADIENT:   3.7969E+00 -3.9928E+00 -6.3027E-01  1.1165E+00  2.2252E+00  1.9177E+00  7.5209E-02  1.5816E+00  1.3134E+00  1.2146E+00
            -4.1611E+01

0ITERATION NO.:   12    OBJECTIVE VALUE:  -669.958762127331        NO. OF FUNC. EVALS.:  10
 CUMULATIVE NO. OF FUNC. EVALS.:      133
 NPARAMETR:  5.8690E-01  3.3860E+00  3.9539E+00 -3.7763E-01  1.0822E+00 -4.7672E-01  2.2627E-02  2.7335E-01  5.1372E-02  2.7360E-02
             3.4655E-02
 PARAMETER:  8.5816E-02  1.6133E-01  4.1538E-02  8.1952E-02  3.6010E-02 -9.6233E-03 -6.4300E-01  6.0279E-01 -2.3304E-01 -5.4804E-01
            -4.2986E-01
 GRADIENT:   4.7244E+00 -2.0967E+00  4.5668E-01  6.8188E-01 -8.3842E-01  2.9345E+00 -1.1962E-01 -9.3041E-01 -3.6689E+00 -2.6547E-01
            -3.0841E+01

0ITERATION NO.:   13    OBJECTIVE VALUE:  -670.447946620966        NO. OF FUNC. EVALS.:  11
 CUMULATIVE NO. OF FUNC. EVALS.:      144
 NPARAMETR:  5.6531E-01  3.4043E+00  3.9467E+00 -3.7808E-01  1.0842E+00 -5.0362E-01  2.6927E-02  2.6729E-01  5.7763E-02  2.7643E-02
             3.5502E-02
 PARAMETER:  6.8532E-02  1.8038E-01  3.1600E-02  8.1357E-02  3.7298E-02 -3.8241E-02 -5.5602E-01  5.9158E-01 -1.7441E-01 -5.4290E-01
            -4.1779E-01
 GRADIENT:   1.3829E-01 -5.7215E-01  2.4131E-01 -1.5937E-01  1.7795E+00  4.0293E-01 -1.2695E-01 -8.7498E-01 -1.7722E+00  6.6124E-02
            -1.4026E+01

0ITERATION NO.:   14    OBJECTIVE VALUE:  -670.580027453791        NO. OF FUNC. EVALS.:  10
 CUMULATIVE NO. OF FUNC. EVALS.:      154
 NPARAMETR:  5.7024E-01  3.4116E+00  3.9458E+00 -3.7629E-01  1.0893E+00 -5.0928E-01  2.8874E-02  2.7821E-01  6.3954E-02  2.7698E-02
             3.6293E-02
 PARAMETER:  7.2481E-02  1.8799E-01  3.0274E-02  8.3760E-02  4.0747E-02 -4.4293E-02 -5.2111E-01  6.1160E-01 -1.2350E-01 -5.4191E-01
            -4.0678E-01
 GRADIENT:   4.3114E-01  3.8769E-01  1.9357E-01  1.3049E+00  1.0119E+00  1.7395E+00 -4.0510E-02  9.2615E-02  1.9019E-01  1.5356E-01
             5.9509E-01

0ITERATION NO.:   15    OBJECTIVE VALUE:  -670.580027453791        NO. OF FUNC. EVALS.:  31
 CUMULATIVE NO. OF FUNC. EVALS.:      185
 NPARAMETR:  5.7024E-01  3.4116E+00  3.9458E+00 -3.7629E-01  1.0893E+00 -5.0928E-01  2.8874E-02  2.7821E-01  6.3954E-02  2.7698E-02
             3.6293E-02
 PARAMETER:  7.2481E-02  1.8799E-01  3.0274E-02  8.3760E-02  4.0747E-02 -4.4293E-02 -5.2111E-01  6.1160E-01 -1.2350E-01 -5.4191E-01
            -4.0678E-01
 GRADIENT:  -3.7173E-01 -3.1960E-01 -1.2893E+00  1.2050E-01 -6.2196E-01  7.3768E-01 -4.0510E-02  9.2615E-02  1.9019E-01  1.5356E-01
             5.9478E-01

0ITERATION NO.:   16    OBJECTIVE VALUE:  -670.587633659888        NO. OF FUNC. EVALS.:  22
 CUMULATIVE NO. OF FUNC. EVALS.:      207
 NPARAMETR:  5.7507E-01  3.4152E+00  3.9499E+00 -3.7634E-01  1.0931E+00 -5.1137E-01  3.0484E-02  2.7553E-01  6.4004E-02  2.7636E-02
             3.6262E-02
 PARAMETER:  7.6346E-02  1.9179E-01  3.6030E-02  8.3686E-02  4.3238E-02 -4.6525E-02 -4.9399E-01  6.0676E-01 -1.2311E-01 -5.4302E-01
            -4.0720E-01
 GRADIENT:  -3.2321E-01  2.5809E-02 -3.8492E-02 -3.5651E-01  5.5514E-01 -2.1127E-01 -3.8851E-02 -3.2981E-02  5.7314E-02  3.1448E-02
            -1.3452E-01

0ITERATION NO.:   17    OBJECTIVE VALUE:  -670.588896998131        NO. OF FUNC. EVALS.:  22
 CUMULATIVE NO. OF FUNC. EVALS.:      229
 NPARAMETR:  5.7671E-01  3.4144E+00  3.9510E+00 -3.7584E-01  1.0935E+00 -5.0953E-01  3.1528E-02  2.7465E-01  6.3713E-02  2.7625E-02
             3.6262E-02
 PARAMETER:  7.7661E-02  1.9100E-01  3.7510E-02  8.4359E-02  4.3516E-02 -4.4554E-02 -4.7715E-01  6.0517E-01 -1.2539E-01 -5.4322E-01
            -4.0720E-01
 GRADIENT:   5.0250E-04  1.4668E-01  2.2451E-01  6.0048E-02  7.1529E-01 -3.2679E-01 -3.2674E-02 -4.7067E-02 -2.2181E-03  6.9443E-03
            -2.7155E-01

0ITERATION NO.:   18    OBJECTIVE VALUE:  -670.589437178512        NO. OF FUNC. EVALS.:  22
 CUMULATIVE NO. OF FUNC. EVALS.:      251
 NPARAMETR:  5.7686E-01  3.4132E+00  3.9516E+00 -3.7567E-01  1.0932E+00 -5.0760E-01  3.2515E-02  2.7397E-01  6.3444E-02  2.7617E-02
             3.6265E-02
 PARAMETER:  7.7781E-02  1.8974E-01  3.8320E-02  8.4596E-02  4.3313E-02 -4.2491E-02 -4.6173E-01  6.0393E-01 -1.2751E-01 -5.4337E-01
            -4.0716E-01
 GRADIENT:  -2.6268E-02  4.7462E-02  5.3613E-02  7.2660E-01 -2.3059E-01 -6.7440E-02 -2.1982E-02 -4.7921E-02 -3.8162E-02  6.7103E-03
            -2.8331E-01

0ITERATION NO.:   19    OBJECTIVE VALUE:  -670.589995368376        NO. OF FUNC. EVALS.:  22
 CUMULATIVE NO. OF FUNC. EVALS.:      273
 NPARAMETR:  5.7743E-01  3.4123E+00  3.9523E+00 -3.7609E-01  1.0935E+00 -5.0572E-01  3.4017E-02  2.7366E-01  6.3299E-02  2.7620E-02
             3.6276E-02
 PARAMETER:  7.8238E-02  1.8873E-01  3.9301E-02  8.4022E-02  4.3549E-02 -4.0484E-02 -4.3916E-01  6.0336E-01 -1.2865E-01 -5.4331E-01
            -4.0701E-01
 GRADIENT:   3.8805E-01  1.8736E-01  5.0615E-01 -1.9000E-01  4.5102E-01 -4.7983E-01 -1.2497E-02 -1.3775E-02 -4.8750E-02  7.7520E-03
            -7.8818E-02

0ITERATION NO.:   20    OBJECTIVE VALUE:  -670.590011685602        NO. OF FUNC. EVALS.:  23
 CUMULATIVE NO. OF FUNC. EVALS.:      296
 NPARAMETR:  5.7745E-01  3.4121E+00  3.9523E+00 -3.7613E-01  1.0936E+00 -5.0550E-01  3.4189E-02  2.7363E-01  6.3282E-02  2.7620E-02
             3.6277E-02
 PARAMETER:  7.8250E-02  1.8859E-01  3.9381E-02  8.3975E-02  4.3571E-02 -4.0245E-02 -4.3663E-01  6.0330E-01 -1.2878E-01 -5.4332E-01
            -4.0700E-01
 GRADIENT:   3.3517E-01 -3.1310E-03  8.6021E-01  2.7379E-01 -3.2277E-01 -1.6530E-02 -1.0057E-02 -1.1132E-02 -4.9576E-02  7.1560E-03
            -6.1489E-02

0ITERATION NO.:   21    OBJECTIVE VALUE:  -670.590035000748        NO. OF FUNC. EVALS.:  22
 CUMULATIVE NO. OF FUNC. EVALS.:      318
 NPARAMETR:  5.7735E-01  3.4119E+00  3.9522E+00 -3.7627E-01  1.0937E+00 -5.0515E-01  3.4822E-02  2.7355E-01  6.3277E-02  2.7615E-02
             3.6280E-02
 PARAMETER:  7.8172E-02  1.8835E-01  3.9125E-02  8.3790E-02  4.3668E-02 -3.9873E-02 -4.2746E-01  6.0315E-01 -1.2882E-01 -5.4340E-01
            -4.0695E-01
 GRADIENT:   3.7050E-01  7.1919E-02 -1.1104E-01 -1.6380E-01 -5.7835E-01  3.0270E-01 -4.2918E-03  4.7352E-03 -4.2101E-02  4.7385E-03
             2.0217E-02

0ITERATION NO.:   22    OBJECTIVE VALUE:  -670.590048518147        NO. OF FUNC. EVALS.:  22
 CUMULATIVE NO. OF FUNC. EVALS.:      340
 NPARAMETR:  5.7728E-01  3.4119E+00  3.9522E+00 -3.7627E-01  1.0937E+00 -5.0514E-01  3.4885E-02  2.7353E-01  6.3283E-02  2.7615E-02
             3.6280E-02
 PARAMETER:  7.8117E-02  1.8835E-01  3.9129E-02  8.3789E-02  4.3681E-02 -3.9869E-02 -4.2656E-01  6.0313E-01 -1.2878E-01 -5.4341E-01
            -4.0695E-01
 GRADIENT:   2.3289E-01  9.0119E-02 -2.5859E-01  4.5765E-03 -2.9011E-01  2.6884E-01 -4.3107E-03  6.1800E-03 -4.0410E-02  6.4111E-03
             2.2107E-02

0ITERATION NO.:   23    OBJECTIVE VALUE:  -670.590224851232        NO. OF FUNC. EVALS.:  22
 CUMULATIVE NO. OF FUNC. EVALS.:      362
 NPARAMETR:  5.7717E-01  3.4119E+00  3.9522E+00 -3.7629E-01  1.0937E+00 -5.0517E-01  3.4957E-02  2.7348E-01  6.3297E-02  2.7614E-02
             3.6280E-02
 PARAMETER:  7.8026E-02  1.8835E-01  3.9148E-02  8.3761E-02  4.3669E-02 -3.9891E-02 -4.2552E-01  6.0304E-01 -1.2867E-01 -5.4343E-01
            -4.0695E-01
 GRADIENT:  -7.1849E-02 -1.3803E-01  3.0230E-01 -4.0390E-01 -3.2666E-01  4.2917E-01 -4.4257E-03  6.0372E-03 -3.6833E-02  3.0647E-03
             3.1916E-02

0ITERATION NO.:   24    OBJECTIVE VALUE:  -670.590224851232        NO. OF FUNC. EVALS.:  38
 CUMULATIVE NO. OF FUNC. EVALS.:      400
 NPARAMETR:  5.7717E-01  3.4119E+00  3.9522E+00 -3.7629E-01  1.0937E+00 -5.0517E-01  3.4957E-02  2.7349E-01  6.3297E-02  2.7614E-02
             3.6280E-02
 PARAMETER:  7.8026E-02  1.8835E-01  3.9148E-02  8.3761E-02  4.3669E-02 -3.9891E-02 -4.2552E-01  6.0304E-01 -1.2867E-01 -5.4343E-01
            -4.0695E-01
 GRADIENT:   9.3294E+02  7.4017E+01  1.7300E+02  1.3903E+02 -1.9131E+02 -6.1291E+02 -1.5905E+02 -1.6499E+02 -2.3010E+02 -8.7177E+01
            -1.7475E+01
 NUMSIGDIG:         6.3         7.3         7.4         7.6         7.3         6.6         6.6         5.9         6.9         6.7
                    7.7

 #TERM:
0MINIMIZATION TERMINATED
 DUE TO ROUNDING ERRORS (ERROR=134)
 NO. OF FUNCTION EVALUATIONS USED:      400
 NO. OF SIG. DIGITS IN FINAL EST.:  6.0

 ETABAR IS THE ARITHMETIC MEAN OF THE ETA-ESTIMATES,
 AND THE P-VALUE IS GIVEN FOR THE NULL HYPOTHESIS THAT THE TRUE MEAN IS 0.

 ETABAR:         7.5265E-03  1.7134E-02  4.1749E-02 -1.9116E-03  1.9883E-03
 SE:             1.3027E-02  8.4253E-02  6.4504E-02  5.1285E-02  3.7668E-02
 N:                      18          18          18          18          18

 P VAL.:         5.6343E-01  8.3885E-01  5.1748E-01  9.7027E-01  9.5790E-01

 ETASHRINKSD(%)  7.0439E+01  3.1648E+01  4.7669E+01  1.3516E+01  3.8278E+00
 ETASHRINKVR(%)  9.1262E+01  5.3280E+01  7.2615E+01  2.5206E+01  7.5091E+00
 EBVSHRINKSD(%)  6.5831E+01  2.4366E+01  3.5477E+01  1.3630E+01  3.5554E+00
 EBVSHRINKVR(%)  8.8325E+01  4.2795E+01  5.8368E+01  2.5402E+01  6.9844E+00
 RELATIVEINF(%)  0.0000E+00  0.0000E+00  0.0000E+00  7.4448E+01  9.2958E+01
 EPSSHRINKSD(%)  5.6948E+00
 EPSSHRINKVR(%)  1.1065E+01

  
 TOTAL DATA POINTS NORMALLY DISTRIBUTED (N):          379
 N*LOG(2PI) CONSTANT TO OBJECTIVE FUNCTION:    696.55540816914186     
 OBJECTIVE FUNCTION VALUE WITHOUT CONSTANT:   -670.59022485123239     
 OBJECTIVE FUNCTION VALUE WITH CONSTANT:       25.965183317909464     
 REPORTED OBJECTIVE FUNCTION DOES NOT CONTAIN CONSTANT
  
 TOTAL EFFECTIVE ETAS (NIND*NETA):                            88
  
 #TERE:
 Elapsed estimation  time in seconds:   158.63
 Elapsed postprocess time in seconds:     1.86
1
 
 
 
 
 
 
 
 
 
 
 
 
 
 
 
 
 
 
 
 
 ************************************************************************************************************************
 ********************                                                                                ********************
 ********************               FIRST ORDER CONDITIONAL ESTIMATION WITH INTERACTION              ********************
 #OBJT:**************                       MINIMUM VALUE OF OBJECTIVE FUNCTION                      ********************
 ********************                                                                                ********************
 ************************************************************************************************************************
 





 #OBJV:********************************************     -670.590       **************************************************
1
 ************************************************************************************************************************
 ********************                                                                                ********************
 ********************               FIRST ORDER CONDITIONAL ESTIMATION WITH INTERACTION              ********************
 ********************                             FINAL PARAMETER ESTIMATE                           ********************
 ********************                                                                                ********************
 ************************************************************************************************************************
 


 THETA - VECTOR OF FIXED EFFECTS PARAMETERS   *********


         TH 1      TH 2      TH 3      TH 4      TH 5      TH 6     
 
         5.77E-01  3.41E+00  3.95E+00 -3.76E-01  1.09E+00 -5.05E-01
 


 OMEGA - COV MATRIX FOR RANDOM EFFECTS - ETAS  ********


         ETA1      ETA2      ETA3      ETA4      ETA5     
 
 ETA1
+        3.50E-02
 
 ETA2
+        0.00E+00  2.73E-01
 
 ETA3
+        0.00E+00  0.00E+00  2.73E-01
 
 ETA4
+        0.00E+00  0.00E+00  0.00E+00  6.33E-02
 
 ETA5
+        0.00E+00  0.00E+00  0.00E+00  0.00E+00  2.76E-02
 


 SIGMA - COV MATRIX FOR RANDOM EFFECTS - EPSILONS  ****


         EPS1     
 
 EPS1
+        3.63E-02
 
1


 OMEGA - CORR MATRIX FOR RANDOM EFFECTS - ETAS  *******


         ETA1      ETA2      ETA3      ETA4      ETA5     
 
 ETA1
+        1.87E-01
 
 ETA2
+        0.00E+00  5.23E-01
 
 ETA3
+        0.00E+00  0.00E+00  5.23E-01
 
 ETA4
+        0.00E+00  0.00E+00  0.00E+00  2.52E-01
 
 ETA5
+        0.00E+00  0.00E+00  0.00E+00  0.00E+00  1.66E-01
 


 SIGMA - CORR MATRIX FOR RANDOM EFFECTS - EPSILONS  ***


         EPS1     
 
 EPS1
+        1.90E-01
 
 Elapsed finaloutput time in seconds:     0.29
 #CPUT: Total CPU Time in Seconds,      501.778
Stop Time:
zo 16 mrt 2025 13:51:43 CET
